** Drc report for CobraPad.kicad_pcb **
** Created on 2026-08-22T20:39:58 **
** Report includes: Errors, Warnings **

** Found 55 DRC violations **
[silk_over_copper]: Silkscreen clipped by solder mask
    Local override; warning
    @(89.7699 mm, 104.4551 mm): Arc of U1 on F.Silkscreen
    @(89.0000 mm, 103.6200 mm): PTH pad 7 [/Col3] of U1
[silk_over_copper]: Silkscreen clipped by solder mask
    Local override; warning
    @(103.5250 mm, 104.5000 mm): Arc of U1 on F.Silkscreen
    @(104.2500 mm, 103.6200 mm): PTH pad 8 [/Col4] of U1
[silk_over_copper]: Silkscreen clipped by solder mask
    Local override; warning
    @(87.7250 mm, 87.5000 mm): Segment of U1 on F.Silkscreen
    @(89.0000 mm, 101.0800 mm): PTH pad 6 [Net-(U1-PA9_A5_D5_SCL)] of U1
[silk_over_copper]: Silkscreen clipped by solder mask
    Local override; warning
    @(87.7250 mm, 87.5000 mm): Segment of U1 on F.Silkscreen
    @(89.0000 mm, 103.6200 mm): PTH pad 7 [/Col3] of U1
[silk_over_copper]: Silkscreen clipped by solder mask
    Local override; warning
    @(87.7250 mm, 87.5000 mm): Segment of U1 on F.Silkscreen
    @(89.0000 mm, 88.3800 mm): PTH pad 1 [/Row1] of U1
[silk_over_copper]: Silkscreen clipped by solder mask
    Local override; warning
    @(87.7250 mm, 87.5000 mm): Segment of U1 on F.Silkscreen
    @(89.0000 mm, 90.9200 mm): PTH pad 2 [/Row2] of U1
[silk_over_copper]: Silkscreen clipped by solder mask
    Local override; warning
    @(87.7250 mm, 87.5000 mm): Segment of U1 on F.Silkscreen
    @(89.0000 mm, 93.4600 mm): PTH pad 3 [/Col1] of U1
[silk_over_copper]: Silkscreen clipped by solder mask
    Local override; warning
    @(87.7250 mm, 87.5000 mm): Segment of U1 on F.Silkscreen
    @(89.0000 mm, 96.0000 mm): PTH pad 4 [/Col2] of U1
[silk_over_copper]: Silkscreen clipped by solder mask
    Local override; warning
    @(87.7250 mm, 87.5000 mm): Segment of U1 on F.Silkscreen
    @(89.0000 mm, 98.5400 mm): PTH pad 5 [Net-(U1-PA8_A4_D4_SDA)] of U1
[silk_over_copper]: Silkscreen clipped by solder mask
    Local override; warning
    @(105.5250 mm, 104.5000 mm): Segment of U1 on F.Silkscreen
    @(104.2500 mm, 103.6200 mm): PTH pad 8 [/Col4] of U1
[silk_over_copper]: Silkscreen clipped by solder mask
    Local override; warning
    @(105.5250 mm, 104.5000 mm): Segment of U1 on F.Silkscreen
    @(104.2500 mm, 101.0800 mm): PTH pad 9 [Net-(U1-PA7_A8_D8_SCK)] of U1
[silk_over_copper]: Silkscreen clipped by solder mask
    Local override; warning
    @(105.5250 mm, 104.5000 mm): Segment of U1 on F.Silkscreen
    @(104.2500 mm, 98.5400 mm): PTH pad 10 [Net-(U1-PA5_A9_D9_MISO)] of U1
[silk_over_copper]: Silkscreen clipped by solder mask
    Local override; warning
    @(105.5250 mm, 104.5000 mm): Segment of U1 on F.Silkscreen
    @(104.2500 mm, 96.0000 mm): PTH pad 11 [Net-(D9-DIN)] of U1
[silk_over_copper]: Silkscreen clipped by solder mask
    Local override; warning
    @(105.5250 mm, 104.5000 mm): Segment of U1 on F.Silkscreen
    @(104.2500 mm, 93.4600 mm): PTH pad 12 [Net-(U1-3V3)] of U1
[silk_over_copper]: Silkscreen clipped by solder mask
    Local override; warning
    @(105.5250 mm, 104.5000 mm): Segment of U1 on F.Silkscreen
    @(104.2500 mm, 90.9200 mm): PTH pad 13 [Net-(U1-GND)] of U1
[silk_over_copper]: Silkscreen clipped by solder mask
    Local override; warning
    @(105.5250 mm, 104.5000 mm): Segment of U1 on F.Silkscreen
    @(104.2500 mm, 88.3800 mm): PTH pad 14 [unconnected-(U1-5V-Pad14)] of U1
[silk_over_copper]: Silkscreen clipped by solder mask
    Local override; warning
    @(103.4804 mm, 87.5446 mm): Arc of U1 on F.Silkscreen
    @(104.2500 mm, 88.3800 mm): PTH pad 14 [unconnected-(U1-5V-Pad14)] of U1
[lib_footprint_issues]: The current configuration does not include the footprint library 'Diode_THT'
    Local override; warning
    @(94.3850 mm, 176.9100 mm): Footprint D7
[lib_footprint_issues]: The current configuration does not include the footprint library 'Button_Switch_Keyboard'
    Local override; warning
    @(82.4600 mm, 159.8300 mm): Footprint SW6
[lib_footprint_issues]: The current configuration does not include the footprint library 'LED_SMD'
    Local override; warning
    @(130.2750 mm, 149.7500 mm): Footprint D12
[lib_footprint_issues]: The current configuration does not include the footprint library 'Diode_THT'
    Local override; warning
    @(117.4650 mm, 149.8300 mm): Footprint D4
[lib_footprint_issues]: The current configuration does not include the footprint library 'LED_SMD'
    Local override; warning
    @(85.2750 mm, 149.7500 mm): Footprint D10
[lib_footprint_issues]: The current configuration does not include the footprint library 'LED_SMD'
    Local override; warning
    @(67.0000 mm, 177.9100 mm): Footprint D13
[lib_footprint_issues]: The current configuration does not include the footprint library 'Diode_THT'
    Local override; warning
    @(117.3850 mm, 176.9100 mm): Footprint D8
[lib_footprint_issues]: The current configuration does not include the footprint library 'Capacitor_SMD'
    Local override; warning
    @(136.2750 mm, 149.7500 mm): Footprint C4
[lib_footprint_issues]: The current configuration does not include the footprint library 'Diode_THT'
    Local override; warning
    @(53.3800 mm, 177.9100 mm): Footprint D5
[lib_footprint_issues]: The current configuration does not include the footprint library 'Capacitor_SMD'
    Local override; warning
    @(91.2750 mm, 149.7500 mm): Footprint C2
[lib_footprint_issues]: The current configuration does not include the footprint library 'Button_Switch_Keyboard'
    Local override; warning
    @(127.9600 mm, 159.8300 mm): Footprint SW8
[lib_footprint_issues]: The current configuration does not include the footprint library 'Display'
    Local override; warning
    @(79.5000 mm, 116.8100 mm): Footprint U2
[lib_footprint_issues]: The current configuration does not include the footprint library 'Button_Switch_Keyboard'
    Local override; warning
    @(105.2750 mm, 131.7500 mm): Footprint SW3
[lib_footprint_issues]: The current configuration does not include the footprint library 'Diode_THT'
    Local override; warning
    @(72.4650 mm, 149.7500 mm): Footprint D2
[lib_footprint_issues]: The current configuration does not include the footprint library 'MountingHole'
    Local override; warning
    @(139.0000 mm, 89.0000 mm): Footprint REF**
[lib_footprint_issues]: The current configuration does not include the footprint library 'Diode_THT'
    Local override; warning
    @(49.4650 mm, 149.8300 mm): Footprint D1
[lib_footprint_issues]: The current configuration does not include the footprint library 'Capacitor_SMD'
    Local override; warning
    @(114.2250 mm, 172.0000 mm): Footprint C7
[lib_footprint_issues]: The current configuration does not include the footprint library 'Capacitor_SMD'
    Local override; warning
    @(69.0000 mm, 174.0000 mm): Footprint C5
[lib_footprint_issues]: The current configuration does not include the footprint library 'Capacitor_SMD'
    Local override; warning
    @(135.0000 mm, 172.2250 mm): Footprint C8
[lib_footprint_issues]: The current configuration does not include the footprint library 'LED_SMD'
    Local override; warning
    @(130.1950 mm, 176.9100 mm): Footprint D16
[lib_footprint_issues]: The current configuration does not include the footprint library 'Capacitor_SMD'
    Local override; warning
    @(68.2250 mm, 150.0000 mm): Footprint C1
[lib_footprint_issues]: The current configuration does not include the footprint library 'Button_Switch_Keyboard'
    Local override; warning
    @(128.2750 mm, 131.7500 mm): Footprint SW4
[lib_footprint_issues]: The current configuration does not include the footprint library 'MountingHole'
    Local override; warning
    @(139.0000 mm, 179.0000 mm): Footprint REF**
[lib_footprint_issues]: The current configuration does not include the footprint library 'Diode_THT'
    Local override; warning
    @(72.3850 mm, 176.9100 mm): Footprint D6
[lib_footprint_issues]: The current configuration does not include the footprint library 'Button_Switch_Keyboard'
    Local override; warning
    @(60.2750 mm, 131.7500 mm): Footprint SW1
[lib_footprint_issues]: The current configuration does not include the footprint library 'Rotary_Encoder'
    Local override; warning
    @(111.5000 mm, 96.0000 mm): Footprint SW9
[lib_footprint_issues]: The current configuration does not include the footprint library 'MountingHole'
    Local override; warning
    @(48.0000 mm, 89.0000 mm): Footprint REF**
[lib_footprint_issues]: The current configuration does not include the footprint library 'Button_Switch_Keyboard'
    Local override; warning
    @(60.2350 mm, 160.3300 mm): Footprint SW5
[lib_footprint_issues]: The current configuration does not include the footprint library 'LED_SMD'
    Local override; warning
    @(62.2750 mm, 149.7500 mm): Footprint D9
[lib_footprint_issues]: The current configuration does not include the footprint library 'LED_SMD'
    Local override; warning
    @(107.2750 mm, 149.7500 mm): Footprint D11
[lib_footprint_issues]: The current configuration does not include the footprint library 'Capacitor_SMD'
    Local override; warning
    @(113.5000 mm, 149.7500 mm): Footprint C3
[lib_footprint_issues]: The current configuration does not include the footprint library 'Button_Switch_Keyboard'
    Local override; warning
    @(105.2350 mm, 159.8300 mm): Footprint SW7
[lib_footprint_issues]: The current configuration does not include the footprint library 'Diode_THT'
    Local override; warning
    @(94.4650 mm, 149.7500 mm): Footprint D3
[lib_footprint_issues]: The current configuration does not include the footprint library 'MountingHole'
    Local override; warning
    @(48.0000 mm, 179.0000 mm): Footprint REF**
[lib_footprint_issues]: The current configuration does not include the footprint library 'LED_SMD'
    Local override; warning
    @(107.1950 mm, 176.9100 mm): Footprint D15
[lib_footprint_issues]: The current configuration does not include the footprint library 'LED_SMD'
    Local override; warning
    @(85.2750 mm, 176.2500 mm): Footprint D14
[lib_footprint_issues]: The current configuration does not include the footprint library 'Button_Switch_Keyboard'
    Local override; warning
    @(83.2750 mm, 131.7500 mm): Footprint SW2
[lib_footprint_issues]: The current configuration does not include the footprint library 'Capacitor_SMD'
    Local override; warning
    @(92.0000 mm, 173.0000 mm): Footprint C6

** Found 0 unconnected pads **

** Found 0 Footprint errors **

** Ignored checks **
    - Footprint has no courtyard defined
    - Track endpoint not centered on via
    - Tuning profile track geometries
    - Footprint doesn't match symbol's footprint filters
    - Footprint component type doesn't match footprint pads

** End of Report **
